Loaded config: /home/kenzhayd/projects/def-vhenault/kenzhayd/Ocen_IMBH_Mock_Analysis/configs/mock_rand_1.toml
Mock data fitting: generating synthetic data from config parameterset
[ Info: Preparing model
┌ Info: Determined number of free variables
└   D = 49
┌ Info: Determined number type
└   T = Float64
ℓπcallback(θ): 0.000041 seconds
∇ℓπcallback(θ): 0.002029 seconds (7 allocations: 181.062 KiB)
Run summary written to /home/kenzhayd/projects/def-vhenault/kenzhayd/Ocen_IMBH_Mock_Analysis/configs/../mock_results/run_outputs/starsACDEF_192c_16r_14396812_summary.md
┌ Warning: This model has priors that cannot be sampled IID.
└ @ OctofitterPigeonsExt ~/projects/def-vhenault/kenzhayd/Octofitter_imbh.jl/ext/OctofitterPigeonsExt/OctofitterPigeonsExt.jl:105
[ Info: Sampler running with multiple threads     : true
[ Info: Likelihood evaluated with multiple threads: false
┌ Info: Starting values not provided for all parameters! Guessing starting point using global optimization:
│   num_params = 49
└   num_fixed = 0
┌ Warning: The initial guess parameters fell outside the 0.00001 or 0.9999 quantile range of the priors, so global optimization search is disabled. Returning initial guess only, which may be far from the global mode.
└ @ Octofitter ~/projects/def-vhenault/kenzhayd/Octofitter_imbh.jl/src/initialization.jl:553
┌ Info: Found sample of initial positions
│   logpost_range = (-183.4928953786494, -165.36226716897465)
└   mean_logpost = -170.2998883381037
────────────────────────────────────────────────────────────────────────────────────────────────────────────────────────
  scans     restarts      Λ        Λ_var      time(s)    allc(B)  log(Z₁/Z₀)   min(α)     mean(α)    min(αₑ)   mean(αₑ) 
────────── ────────── ────────── ────────── ────────── ────────── ────────── ────────── ────────── ────────── ──────────
        2          0       9.42       8.72       1.26   6.42e+07  -7.72e+07          0      0.953          1          1 
        4          0       12.8       14.7      0.611   2.79e+06  -4.44e+05          0      0.928          1          1 
        8          0       16.9       15.4       1.31   5.63e+06  -1.28e+05          0      0.916          1          1 
       16          0         20       18.8       2.54   1.13e+07       -245          0      0.899          1          1 
       32          0       22.6       23.2       4.84   1.97e+07       -271  1.63e-105      0.881          1          1 
       64          0       25.5         12       11.7   2.88e+09       -630   3.33e-11      0.902          1          1 
      128          0       27.4         12       23.1   6.03e+09       -262     0.0151      0.897          1          1 
      256          0       28.5       12.3         46   1.22e+10       -254      0.258      0.893          1          1 
      512          0       29.2       13.2       91.7   2.42e+10       -245      0.647      0.889          1          1 
 1.02e+03          2       30.1       14.5        184    4.8e+10       -235      0.779      0.884          1          1 
 2.05e+03          7       30.2       15.5        367   9.44e+10       -225      0.817      0.881          1          1 
  4.1e+03         12       30.4       16.1        721   1.86e+11       -218      0.821      0.879          1          1 
 8.19e+03         23       30.6         17   1.43e+03    3.7e+11       -210      0.814      0.876          1          1 
 1.64e+04         55       30.8       17.6   2.84e+03   7.31e+11       -202      0.828      0.874          1          1 
 3.28e+04        157       30.8         18   5.67e+03   1.44e+12       -197      0.826      0.873          1          1 
 6.55e+04        253         31       18.5   1.14e+04   2.85e+12       -193      0.827      0.871          1          1 
────────────────────────────────────────────────────────────────────────────────────────────────────────────────────────
MCMC chain (65536×83×1 Array{Float64, 3})
PT exec folder (intermediate checkpoints): /home/kenzhayd/projects/def-vhenault/kenzhayd/Ocen_IMBH_Mock_Analysis/launch_scripts/results/all/2026-06-19-07-50-17-iBg1Apbd
PT location written to: /home/kenzhayd/projects/def-vhenault/kenzhayd/Ocen_IMBH_Mock_Analysis/configs/../mock_results/run_outputs/starsACDEF_192c_16r_14396812_pt_location.txt
Loaded configuration from: /home/kenzhayd/projects/def-vhenault/kenzhayd/Ocen_IMBH_Mock_Analysis/mock_results/run_outputs/starsACDEF_192c_16r_14396812_summary.md
Reference epoch: 55197.0 MJD (2010.0 yr)
Loaded chain: /home/kenzhayd/projects/def-vhenault/kenzhayd/Ocen_IMBH_Mock_Analysis/configs/../mock_results/run_outputs/starsACDEF_192c_16r_14396812_chain.fits
MCMC chain (65536×83×1 Array{Float64, 3})
Star names from summary: A, C, D, E, F
[ Info: Preparing model
┌ Info: Determined number of free variables
└   D = 49
┌ Info: Determined number type
└   T = Float64
ℓπcallback(θ): 0.000056 seconds
∇ℓπcallback(θ): 0.003024 seconds (6 allocations: 180.969 KiB)

=== Posterior summaries (median, 68% CI) ===
Param                     Median  [     16%,      84%]
M_IMBH [10⁴ M☉]            5.810  [   5.253,    6.487]
plx [mas]                  0.191  [   0.187,    0.195]
offsetx [mas]             18.030  [ -20.742,   90.643]
offsety [mas]            903.738  [ 817.710,  972.760]
A: a [AU]              11242.614  [8143.145, 17849.030]
A: e                       0.769  [   0.678,    0.838]
A: i [°]                 133.914  [ 123.250,  150.497]
A: ω [°]                 -34.222  [ -55.367,  -10.041]
A: Ω [°]                  49.210  [  40.095,   62.774]
A: tp [mjd]           -1656639.592  [-3400365.379, -987580.863]
C: a [AU]               4263.926  [2835.922, 5713.121]
C: e                       0.135  [   0.035,    0.388]
C: i [°]                  63.189  [  53.944,   69.657]
C: ω [°]                 -89.372  [-149.251,  130.312]
C: Ω [°]                -144.375  [-157.506,   27.781]
C: tp [mjd]           -152699.194  [-370534.241, -63281.060]
D: a [AU]               7675.002  [5039.615, 9944.672]
D: e                       0.215  [   0.060,    0.472]
D: i [°]                  91.133  [  88.049,   93.889]
D: ω [°]                 -44.107  [-115.283,  102.883]
D: Ω [°]                 -56.650  [ -59.089,  122.021]
D: tp [mjd]           -401935.745  [-747843.404, -169182.819]
E: a [AU]              32727.561  [23133.058, 44843.761]
E: e                       0.640  [   0.573,    0.713]
E: i [°]                  75.580  [  72.335,   78.695]
E: ω [°]                 104.335  [  94.803,  119.049]
E: Ω [°]                 129.413  [ 128.115,  130.778]
E: tp [mjd]           -8377944.184  [-14072635.436, -5072428.651]
F: a [AU]              11086.464  [10182.848, 12180.464]
F: e                       0.087  [   0.030,    0.167]
F: i [°]                  16.255  [   7.312,   27.114]
F: ω [°]                   6.773  [ -55.131,  122.523]
F: Ω [°]                 -35.654  [-152.061,  -15.736]
F: tp [mjd]           -529617.605  [-758698.285, -409365.015]

Generating corner plot...
Corner plot saved.
Generating orbit panels...
Orbit panels saved.
Generating posterior panels...
Posterior panels saved.
Generating plausibility diagnostics...
Plausibility diagnostics saved.
Generating phase / acceleration-alignment diagnostics...
Phase / acceleration alignment diagnostics saved.
Generating RV consistency check...
RV consistency check saved.
Generating acceleration posterior predictive check...
Acceleration posterior predictive check saved.
Generating IMBH position overlay figure...
IMBH position overlay figure saved.
Generating 3D orbit animation...
3D orbit animation saved to: /home/kenzhayd/projects/def-vhenault/kenzhayd/Ocen_IMBH_Mock_Analysis/mock_results/run_outputs/starsACDEF_192c_16r_14396812_orbits_3d.mp4
3D still frame (dark) saved to: /home/kenzhayd/projects/def-vhenault/kenzhayd/Ocen_IMBH_Mock_Analysis/mock_results/run_outputs/starsACDEF_192c_16r_14396812_orbits_3d_still_dark.png
3D orbit animation (light) saved to: /home/kenzhayd/projects/def-vhenault/kenzhayd/Ocen_IMBH_Mock_Analysis/mock_results/run_outputs/starsACDEF_192c_16r_14396812_orbits_3d_light.mp4
3D still frame (light) saved to: /home/kenzhayd/projects/def-vhenault/kenzhayd/Ocen_IMBH_Mock_Analysis/mock_results/run_outputs/starsACDEF_192c_16r_14396812_orbits_3d_still.png
Generating residuals figure...
Residuals figure saved.
Posterior stats saved to: /home/kenzhayd/projects/def-vhenault/kenzhayd/Ocen_IMBH_Mock_Analysis/mock_results/run_outputs/starsACDEF_192c_16r_14396812_posterior_stats.txt

Done. All plots written to: /home/kenzhayd/projects/def-vhenault/kenzhayd/Ocen_IMBH_Mock_Analysis/mock_results/run_outputs
