ERROR: IOError: open("/home/kenzhayd/.julia/registries/.pid", 194, 292): Unknown system error -122 (Unknown system error -122)
Stacktrace:
  [1] uv_error
    @ ./libuv.jl:106 [inlined]
  [2] open(path::String, flags::UInt16, mode::UInt16)
    @ Base.Filesystem ./filesystem.jl:190
  [3] tryopen_exclusive(path::String, mode::UInt16)
    @ FileWatching.Pidfile /cvmfs/soft.computecanada.ca/easybuild/software/2023/x86-64-v3/Core/julia/1.11.3/share/julia/stdlib/v1.11/FileWatching/src/pidfile.jl:217
  [4] open_exclusive(path::String; mode::UInt16, poll_interval::Int64, wait::Bool, stale_age::Int64, refresh::Float64)
    @ FileWatching.Pidfile /cvmfs/soft.computecanada.ca/easybuild/software/2023/x86-64-v3/Core/julia/1.11.3/share/julia/stdlib/v1.11/FileWatching/src/pidfile.jl:271
  [5] open_exclusive
    @ /cvmfs/soft.computecanada.ca/easybuild/software/2023/x86-64-v3/Core/julia/1.11.3/share/julia/stdlib/v1.11/FileWatching/src/pidfile.jl:237 [inlined]
  [6] mkpidlock(at::String, pid::Int32; stale_age::Int64, refresh::Float64, kwopts::@Kwargs{})
    @ FileWatching.Pidfile /cvmfs/soft.computecanada.ca/easybuild/software/2023/x86-64-v3/Core/julia/1.11.3/share/julia/stdlib/v1.11/FileWatching/src/pidfile.jl:68
  [7] mkpidlock
    @ /cvmfs/soft.computecanada.ca/easybuild/software/2023/x86-64-v3/Core/julia/1.11.3/share/julia/stdlib/v1.11/FileWatching/src/pidfile.jl:63 [inlined]
  [8] mkpidlock(f::Pkg.Registry.var"#75#80"{IOContext{IO}, Dates.Day, Dict{String, Any}, String, Vector{Pkg.Registry.RegistryInstance}}, at::String, pid::Int32; kwopts::@Kwargs{stale_age::Int64})
    @ FileWatching.Pidfile /cvmfs/soft.computecanada.ca/easybuild/software/2023/x86-64-v3/Core/julia/1.11.3/share/julia/stdlib/v1.11/FileWatching/src/pidfile.jl:93
  [9] mkpidlock
    @ /cvmfs/soft.computecanada.ca/easybuild/software/2023/x86-64-v3/Core/julia/1.11.3/share/julia/stdlib/v1.11/FileWatching/src/pidfile.jl:90 [inlined]
 [10] update(regs::Vector{Pkg.Registry.RegistrySpec}; io::IOContext{IO}, force::Bool, depots::Vector{String}, update_cooldown::Dates.Day)
    @ Pkg.Registry /cvmfs/soft.computecanada.ca/easybuild/software/2023/x86-64-v3/Core/julia/1.11.3/share/julia/stdlib/v1.11/Pkg/src/Registry/Registry.jl:398
 [11] update
    @ /cvmfs/soft.computecanada.ca/easybuild/software/2023/x86-64-v3/Core/julia/1.11.3/share/julia/stdlib/v1.11/Pkg/src/Registry/Registry.jl:391 [inlined]
 [12] #update#73
    @ /cvmfs/soft.computecanada.ca/easybuild/software/2023/x86-64-v3/Core/julia/1.11.3/share/julia/stdlib/v1.11/Pkg/src/Registry/Registry.jl:386 [inlined]
 [13] update_registries(ctx::Pkg.Types.Context; force::Bool, kwargs::@Kwargs{update_cooldown::Dates.Day})
    @ Pkg.Operations /cvmfs/soft.computecanada.ca/easybuild/software/2023/x86-64-v3/Core/julia/1.11.3/share/julia/stdlib/v1.11/Pkg/src/Operations.jl:1307
 [14] update_registries
    @ /cvmfs/soft.computecanada.ca/easybuild/software/2023/x86-64-v3/Core/julia/1.11.3/share/julia/stdlib/v1.11/Pkg/src/Operations.jl:1304 [inlined]
 [15] add(ctx::Pkg.Types.Context, pkgs::Vector{Pkg.Types.PackageSpec}; preserve::Pkg.Types.PreserveLevel, platform::Base.BinaryPlatforms.Platform, target::Symbol, allow_autoprecomp::Bool, kwargs::@Kwargs{io::IOContext{IO}})
    @ Pkg.API /cvmfs/soft.computecanada.ca/easybuild/software/2023/x86-64-v3/Core/julia/1.11.3/share/julia/stdlib/v1.11/Pkg/src/API.jl:295
 [16] add(pkgs::Vector{Pkg.Types.PackageSpec}; io::IOContext{IO}, kwargs::@Kwargs{})
    @ Pkg.API /cvmfs/soft.computecanada.ca/easybuild/software/2023/x86-64-v3/Core/julia/1.11.3/share/julia/stdlib/v1.11/Pkg/src/API.jl:159
 [17] add(pkgs::Vector{Pkg.Types.PackageSpec})
    @ Pkg.API /cvmfs/soft.computecanada.ca/easybuild/software/2023/x86-64-v3/Core/julia/1.11.3/share/julia/stdlib/v1.11/Pkg/src/API.jl:148
 [18] add(pkgs::Vector{String})
    @ Pkg.API /cvmfs/soft.computecanada.ca/easybuild/software/2023/x86-64-v3/Core/julia/1.11.3/share/julia/stdlib/v1.11/Pkg/src/API.jl:147
 [19] top-level scope
    @ none:1
