Loaded config: /home/kenzhayd/projects/def-vhenault/kenzhayd/Ocen_IMBH_Mock_Analysis/configs/mock_rand_2.toml
Mock data fitting: generating synthetic data from config parameterset
[ Info: Preparing model
┌ Info: Determined number of free variables
└   D = 49
┌ Info: Determined number type
└   T = Float64
ℓπcallback(θ): 0.000043 seconds
∇ℓπcallback(θ): 0.002187 seconds (7 allocations: 181.062 KiB)
Run summary written to /home/kenzhayd/projects/def-vhenault/kenzhayd/Ocen_IMBH_Mock_Analysis/configs/../mock_results/run_outputs/starsACDEF_192c_16r_14961055_summary.md
┌ Warning: This model has priors that cannot be sampled IID.
└ @ OctofitterPigeonsExt ~/projects/def-vhenault/kenzhayd/Octofitter_imbh.jl/ext/OctofitterPigeonsExt/OctofitterPigeonsExt.jl:105
[ Info: Sampler running with multiple threads     : true
[ Info: Likelihood evaluated with multiple threads: false
┌ Info: Starting values not provided for all parameters! Guessing starting point using global optimization:
│   num_params = 49
└   num_fixed = 0
┌ Warning: The initial guess parameters fell outside the 0.00001 or 0.9999 quantile range of the priors, so global optimization search is disabled. Returning initial guess only, which may be far from the global mode.
└ @ Octofitter ~/projects/def-vhenault/kenzhayd/Octofitter_imbh.jl/src/initialization.jl:553
┌ Info: Found sample of initial positions
│   logpost_range = (-145.74611058130458, -138.08467493682085)
└   mean_logpost = -144.56811953676234
────────────────────────────────────────────────────────────────────────────────────────────────────────────────────────
  scans     restarts      Λ        Λ_var      time(s)    allc(B)  log(Z₁/Z₀)   min(α)     mean(α)    min(αₑ)   mean(αₑ) 
────────── ────────── ────────── ────────── ────────── ────────── ────────── ────────── ────────── ────────── ──────────
        2          0       8.89       8.41       1.12   6.36e+07  -2.21e+07          0      0.955          1          1 
        4          0       12.8       11.6      0.618   2.78e+06  -4.29e+05          0      0.936          1          1 
        8          0       14.8       15.5       1.24   5.66e+06     -2e+04          0      0.921          1          1 
       16          0       20.2       19.8       2.65   1.14e+07       -504          0      0.896          1          1 
       32          0       23.4       23.2       5.07   1.97e+07       -168   1.21e-46      0.878          1          1 
       64          0       24.9       12.2       12.2   2.95e+09       -409   1.21e-06      0.903          1          1 
      128          0       27.1       12.9       23.8   6.21e+09       -256      0.086      0.896          1          1 
      256          0       27.7       13.2       47.6   1.24e+10       -252      0.419      0.893          1          1 
      512          1       28.7       13.7       94.8   2.49e+10       -246      0.761      0.889          1          1 
 1.02e+03          0       29.5       14.6        189   4.92e+10       -239      0.788      0.885          1          1 
 2.05e+03          3       29.9       15.1        378    9.8e+10       -233      0.812      0.882          1          1 
  4.1e+03          7         30         16        755   1.94e+11       -225      0.822       0.88          1          1 
 8.19e+03         27       30.2         17    1.5e+03   3.84e+11       -216      0.828      0.877          1          1 
 1.64e+04         42       30.4       18.6   2.99e+03   7.55e+11       -208      0.791      0.872          1          1 
 3.28e+04         76       30.7       18.8   5.92e+03   1.48e+12       -202      0.824      0.871          1          1 
 6.55e+04        163       30.8       19.3   1.18e+04   2.96e+12       -197      0.671      0.869          1          1 
────────────────────────────────────────────────────────────────────────────────────────────────────────────────────────
MCMC chain (65536×83×1 Array{Float64, 3})
PT exec folder (intermediate checkpoints): /home/kenzhayd/projects/def-vhenault/kenzhayd/Ocen_IMBH_Mock_Analysis/launch_scripts/results/all/2026-06-30-09-29-02-tYs3QsV7
PT location written to: /home/kenzhayd/projects/def-vhenault/kenzhayd/Ocen_IMBH_Mock_Analysis/configs/../mock_results/run_outputs/starsACDEF_192c_16r_14961055_pt_location.txt
Loaded configuration from: /home/kenzhayd/projects/def-vhenault/kenzhayd/Ocen_IMBH_Mock_Analysis/mock_results/run_outputs/starsACDEF_192c_16r_14961055_summary.md
Reference epoch: 55197.0 MJD (2010.0 yr)
Loaded chain: /home/kenzhayd/projects/def-vhenault/kenzhayd/Ocen_IMBH_Mock_Analysis/configs/../mock_results/run_outputs/starsACDEF_192c_16r_14961055_chain.fits
MCMC chain (65536×83×1 Array{Float64, 3})
Star names from summary: A, C, D, E, F
[ Info: Preparing model
┌ Info: Determined number of free variables
└   D = 49
┌ Info: Determined number type
└   T = Float64
ℓπcallback(θ): 0.000051 seconds
∇ℓπcallback(θ): 0.001625 seconds (6 allocations: 180.969 KiB)

=== Posterior summaries (median, 68% CI) ===
Param                     Median  [     16%,      84%]
M_IMBH [10⁴ M☉]            7.570  [   6.533,    8.812]
plx [mas]                  0.190  [   0.186,    0.194]
offsetx [mas]            252.460  [  45.554,  401.050]
offsety [mas]           1181.552  [ 916.887, 1324.038]
A: a [AU]              10652.712  [7760.100, 13510.295]
A: e                       0.856  [   0.734,    0.897]
A: i [°]                 149.472  [ 135.890,  163.473]
A: ω [°]                 123.395  [ 103.835,  150.368]
A: Ω [°]                -154.294  [-169.440,   31.744]
A: tp [mjd]           -1265963.846  [-1900272.068, -812597.824]
C: a [AU]               6478.594  [4684.580, 9540.763]
C: e                       0.304  [   0.106,    0.629]
C: i [°]                  63.682  [  55.258,   69.425]
C: ω [°]                -102.372  [-167.155,  164.718]
C: Ω [°]                -154.036  [-164.686, -137.358]
C: tp [mjd]           -436974.627  [-991648.576, -191518.171]
D: a [AU]               5369.903  [2845.474, 8410.266]
D: e                       0.397  [   0.151,    0.593]
D: i [°]                 106.194  [  92.789,  120.019]
D: ω [°]                  58.262  [ -96.949,  107.637]
D: Ω [°]                 109.327  [ -58.593,  124.949]
D: tp [mjd]           -183335.663  [-452698.527, -26701.580]
E: a [AU]              13725.337  [9793.534, 16215.578]
E: e                       0.433  [   0.293,    0.643]
E: i [°]                  69.274  [  65.330,   73.467]
E: ω [°]                 154.405  [ 138.423,  165.064]
E: Ω [°]                 137.701  [ 134.999,  140.706]
E: tp [mjd]           -1660155.042  [-2199461.422, -1050707.480]
F: a [AU]               9099.142  [7281.965, 11739.095]
F: e                       0.311  [   0.057,    0.449]
F: i [°]                  23.517  [   9.920,   36.634]
F: ω [°]                 -53.297  [ -72.932,  116.274]
F: Ω [°]                   2.128  [  -7.772,  159.469]
F: tp [mjd]           -358274.414  [-660026.793, -248811.498]

Generating corner plot...
Corner plot saved.
Generating orbit panels...
Orbit panels saved.
Generating posterior panels...
Posterior panels saved.
Generating plausibility diagnostics...
Plausibility diagnostics saved.
Generating phase / acceleration-alignment diagnostics...
Phase / acceleration alignment diagnostics saved.
Generating RV consistency check...
RV consistency check saved.
Generating acceleration posterior predictive check...
Acceleration posterior predictive check saved.
Generating IMBH position overlay figure...
IMBH position overlay figure saved.
Generating residuals figure...
Residuals figure saved.
Posterior stats saved to: /home/kenzhayd/projects/def-vhenault/kenzhayd/Ocen_IMBH_Mock_Analysis/mock_results/run_outputs/starsACDEF_192c_16r_14961055_posterior_stats.txt

Done. All plots written to: /home/kenzhayd/projects/def-vhenault/kenzhayd/Ocen_IMBH_Mock_Analysis/mock_results/run_outputs
