┌ Warning: could not download https://pkg.julialang.org/registries
│   exception = RequestError: Failed to connect to pkg.julialang.org port 443 after 30005 ms: Timeout was reached while requesting https://pkg.julialang.org/registries
└ @ Pkg.Registry /cvmfs/soft.computecanada.ca/easybuild/software/2023/x86-64-v3/Core/julia/1.11.3/share/julia/stdlib/v1.11/Pkg/src/Registry/Registry.jl:77
    Updating registry at `~/.julia/registries/General.toml`
   Resolving package versions...
  No Changes to `~/projects/def-vhenault/kenzhayd/octoIMBH_env/Project.toml`
  No Changes to `~/projects/def-vhenault/kenzhayd/octoIMBH_env/Manifest.toml`
Loaded config: /home/kenzhayd/projects/def-vhenault/kenzhayd/Ocen_IMBH_Mock_Analysis/configs/mock_max_logpost_closest_mass.toml
Mock data fitting: generating synthetic data from config parameterset
[ Info: Preparing model
┌ Info: Determined number of free variables
└   D = 49
┌ Info: Determined number type
└   T = Float64
ℓπcallback(θ): 0.000042 seconds
∇ℓπcallback(θ): 0.002060 seconds (7 allocations: 181.062 KiB)
Run summary written to /home/kenzhayd/projects/def-vhenault/kenzhayd/Ocen_IMBH_Mock_Analysis/configs/../mock_results/run_outputs/starsACDEF_192c_16r_14524685_summary.md
┌ Warning: This model has priors that cannot be sampled IID.
└ @ OctofitterPigeonsExt ~/projects/def-vhenault/kenzhayd/Octofitter_imbh.jl/ext/OctofitterPigeonsExt/OctofitterPigeonsExt.jl:105
[ Info: Sampler running with multiple threads     : true
[ Info: Likelihood evaluated with multiple threads: false
┌ Info: Starting values not provided for all parameters! Guessing starting point using global optimization:
│   num_params = 49
└   num_fixed = 0
┌ Warning: The initial guess parameters fell outside the 0.00001 or 0.9999 quantile range of the priors, so global optimization search is disabled. Returning initial guess only, which may be far from the global mode.
└ @ Octofitter ~/projects/def-vhenault/kenzhayd/Octofitter_imbh.jl/src/initialization.jl:553
┌ Info: Found sample of initial positions
│   logpost_range = (-7205.607181343238, -7192.734722880399)
└   mean_logpost = -7193.034125149726
────────────────────────────────────────────────────────────────────────────────────────────────────────────────────────
  scans     restarts      Λ        Λ_var      time(s)    allc(B)  log(Z₁/Z₀)   min(α)     mean(α)    min(αₑ)   mean(αₑ) 
────────── ────────── ────────── ────────── ────────── ────────── ────────── ────────── ────────── ────────── ──────────
        2          0       14.5       20.4        1.1   6.34e+07  -4.67e+07          0      0.909      0.993          1 
        4          0       13.5       17.7      0.544   2.77e+06  -3.68e+06          0      0.918          1          1 
        8          0       17.9       15.1       1.11    5.6e+06  -3.11e+05          0      0.914          1          1 
       16          0       19.4       17.3       2.25   1.14e+07  -7.64e+03          0      0.904          1          1 
       32          0       21.5       21.7       4.63   2.01e+07   -6.5e+03  5.55e-205      0.887          1          1 
       64          0       24.4       14.7       11.1   2.77e+09  -6.52e+03   2.44e-17      0.898          1          1 
