Loaded config: /home/kenzhayd/projects/def-vhenault/kenzhayd/Ocen_IMBH_Mock_Analysis/configs/mock_smaller_mass.toml
Mock data fitting: generating synthetic data from config parameterset
[ Info: Preparing model
┌ Info: Determined number of free variables
└   D = 49
┌ Info: Determined number type
└   T = Float64
ℓπcallback(θ): 0.000042 seconds
∇ℓπcallback(θ): 0.002074 seconds (7 allocations: 181.062 KiB)
Run summary written to /home/kenzhayd/projects/def-vhenault/kenzhayd/Ocen_IMBH_Mock_Analysis/configs/../mock_results/run_outputs/starsACDEF_192c_16r_15012270_summary.md
┌ Warning: This model has priors that cannot be sampled IID.
└ @ OctofitterPigeonsExt ~/projects/def-vhenault/kenzhayd/Octofitter_imbh.jl/ext/OctofitterPigeonsExt/OctofitterPigeonsExt.jl:105
[ Info: Sampler running with multiple threads     : true
[ Info: Likelihood evaluated with multiple threads: false
┌ Info: Starting values not provided for all parameters! Guessing starting point using global optimization:
│   num_params = 49
└   num_fixed = 0
┌ Warning: The initial guess parameters fell outside the 0.00001 or 0.9999 quantile range of the priors, so global optimization search is disabled. Returning initial guess only, which may be far from the global mode.
└ @ Octofitter ~/projects/def-vhenault/kenzhayd/Octofitter_imbh.jl/src/initialization.jl:553
┌ Info: Found sample of initial positions
│   logpost_range = (-273.9751993004851, -262.87589107281343)
└   mean_logpost = -267.80402650244656
────────────────────────────────────────────────────────────────────────────────────────────────────────────────────────
  scans     restarts      Λ        Λ_var      time(s)    allc(B)  log(Z₁/Z₀)   min(α)     mean(α)    min(αₑ)   mean(αₑ) 
────────── ────────── ────────── ────────── ────────── ────────── ────────── ────────── ────────── ────────── ──────────
        2          0       8.37       7.79       1.12    6.5e+07  -4.96e+07          0      0.958          1          1 
        4          0         12       11.2      0.686   2.79e+06  -2.08e+05          0       0.94          1          1 
        8          0       17.4         14       1.36   5.63e+06  -8.65e+03          0      0.918          1          1 
       16          0       18.5         19        2.7   1.14e+07  -2.83e+03          0      0.902      0.999          1 
       32          0       21.5       22.4       5.43      2e+07       -285   1.53e-60      0.885          1          1 
       64          0       24.6       15.9       13.5    3.3e+09       -819   3.25e-09      0.894          1          1 
      128          0       26.4         15       26.6   6.72e+09       -393       0.12      0.892          1          1 
      256          0         28       15.6         53   1.36e+10       -381      0.252      0.886          1          1 
      512          0       28.1         16        105    2.7e+10       -373      0.731      0.885          1          1 
 1.02e+03          0         29       16.2        210   5.38e+10       -366      0.798      0.882          1          1 
 2.05e+03          2       29.4       16.9        418   1.07e+11       -358      0.785      0.879          1          1 
  4.1e+03          8       29.6       17.4        833   2.13e+11       -348      0.821      0.877          1          1 
 8.19e+03          8       29.9       21.6   1.64e+03   4.14e+11       -318      0.756      0.865          1          1 
 1.64e+04          9       30.3       23.6   3.25e+03   7.93e+11       -299      0.701      0.859          1          1 
 3.28e+04         33       30.7       24.7   6.41e+03   1.53e+12       -258      0.626      0.855          1          1 
 6.55e+04         35       31.3       24.6   1.25e+04   2.83e+12       -218      0.815      0.854          1          1 
────────────────────────────────────────────────────────────────────────────────────────────────────────────────────────
MCMC chain (65536×83×1 Array{Float64, 3})
PT exec folder (intermediate checkpoints): /home/kenzhayd/projects/def-vhenault/kenzhayd/Ocen_IMBH_Mock_Analysis/launch_scripts/results/all/2026-07-02-06-46-23-mX3Uwg6y
PT location written to: /home/kenzhayd/projects/def-vhenault/kenzhayd/Ocen_IMBH_Mock_Analysis/configs/../mock_results/run_outputs/starsACDEF_192c_16r_15012270_pt_location.txt
Loaded configuration from: /home/kenzhayd/projects/def-vhenault/kenzhayd/Ocen_IMBH_Mock_Analysis/mock_results/run_outputs/starsACDEF_192c_16r_15012270_summary.md
Reference epoch: 55197.0 MJD (2010.0 yr)
Loaded chain: /home/kenzhayd/projects/def-vhenault/kenzhayd/Ocen_IMBH_Mock_Analysis/configs/../mock_results/run_outputs/starsACDEF_192c_16r_15012270_chain.fits
MCMC chain (65536×83×1 Array{Float64, 3})
Star names from summary: A, C, D, E, F
[ Info: Preparing model
┌ Info: Determined number of free variables
└   D = 49
┌ Info: Determined number type
└   T = Float64
ℓπcallback(θ): 0.000046 seconds
∇ℓπcallback(θ): 0.002984 seconds (6 allocations: 180.969 KiB)

=== Posterior summaries (median, 68% CI) ===
Param                     Median  [     16%,      84%]
M_IMBH [10⁴ M☉]            6.883  [   4.682,    8.065]
plx [mas]                  0.192  [   0.188,    0.196]
offsetx [mas]           -489.568  [-659.696, -357.894]
offsety [mas]            709.658  [  -6.373,  854.263]
A: a [AU]               5647.639  [2698.826, 39069.446]
A: e                       0.339  [   0.067,    0.884]
A: i [°]                 132.710  [ 108.004,  144.380]
A: ω [°]                  26.852  [ -98.210,  130.798]
A: Ω [°]                  12.006  [-133.407,   74.462]
A: tp [mjd]           -247664.525  [-6676543.688, -15725.274]
C: a [AU]               8205.169  [5060.080, 119475.854]
C: e                       0.421  [   0.066,    0.961]
C: i [°]                  88.764  [  78.266,   97.528]
C: ω [°]                 -59.129  [-134.604,  106.176]
C: Ω [°]                -153.192  [-164.851,   17.511]
C: tp [mjd]           -184406.711  [-1905507.614, -61743.701]
D: a [AU]               6347.686  [3458.678, 11000.947]
D: e                       0.271  [   0.056,    0.860]
D: i [°]                  69.370  [  43.104,   79.097]
D: ω [°]                 101.130  [ -49.649,  151.233]
D: Ω [°]                 115.157  [  53.379,  124.654]
D: tp [mjd]           -212302.199  [-574415.675, -32099.986]
E: a [AU]              53522.018  [32246.273, 164849.153]
E: e                       0.902  [   0.868,    0.932]
E: i [°]                  88.773  [  84.956,   96.705]
E: ω [°]                  11.828  [  -0.256,   77.080]
E: Ω [°]                 -46.364  [ -57.648,  126.271]
E: tp [mjd]           -15433899.338  [-89754853.933, -6139475.458]
F: a [AU]              15201.738  [13189.477, 26049.693]
F: e                       0.142  [   0.049,    0.569]
F: i [°]                  12.133  [   6.380,   22.904]
F: ω [°]                   2.457  [-117.936,  103.756]
F: Ω [°]                  51.005  [   2.368,  153.712]
F: tp [mjd]           -793530.686  [-6683237.507, -220440.205]

Generating corner plot...
Corner plot saved.
Generating orbit panels...
Orbit panels saved.
Generating posterior panels...
Posterior panels saved.
Generating plausibility diagnostics...
Plausibility diagnostics saved.
Generating phase / acceleration-alignment diagnostics...
Phase / acceleration alignment diagnostics saved.
Generating RV consistency check...
RV consistency check saved.
Generating acceleration posterior predictive check...
Acceleration posterior predictive check saved.
Generating IMBH position overlay figure...
IMBH position overlay figure saved.
Generating residuals figure...
Residuals figure saved.
Posterior stats saved to: /home/kenzhayd/projects/def-vhenault/kenzhayd/Ocen_IMBH_Mock_Analysis/mock_results/run_outputs/starsACDEF_192c_16r_15012270_posterior_stats.txt

Done. All plots written to: /home/kenzhayd/projects/def-vhenault/kenzhayd/Ocen_IMBH_Mock_Analysis/mock_results/run_outputs
